hemendramahajan@DESKTOP-LURQJU1:~$ mkdir Q2
hemendramahajan@DESKTOP-LURQJU1:~$ cd Q2/
hemendramahajan@DESKTOP-LURQJU1:~/Q2$ touch data.txt
hemendramahajan@DESKTOP-LURQJU1:~/Q2$ cat > data.txt
Suppose you have a file named "data.txt" containing important information. Display the
first 10 lines of this file to quickly glance at its contents us^[[3~







^C
hemendramahajan@DESKTOP-LURQJU1:~/Q2$ rm data.txt
hemendramahajan@DESKTOP-LURQJU1:~/Q2$ touch data.txt
hemendramahajan@DESKTOP-LURQJU1:~/Q2$ cat > data.txt
Operating System lies in the category of system software. It basically manages all the resources of the computer. An operating system acts as an interface between the software and different parts of the computer or the computer hardware. The operating system is designed in such a way that it can manage the overall resources and operations of the computer.

Operating System is a fully integrated set of specialized programs that handle all the operations of the computer. It controls and monitors the execution of all other programs that reside in the computer, which also includes application programs and other system software of the computer. Examples of Operating Systems are Windows, Linux, Mac OS, etc.

An Operating System (OS) is a collection of software that manages computer hardware resources and provides common services for computer programs. The operating system is the most important type of system software in a computer system.^C
hemendramahajan@DESKTOP-LURQJU1:~/Q2$ head data.txt
Operating System lies in the category of system software. It basically manages all the resources of the computer. An operating system acts as an interface between the software and different parts of the computer or the computer hardware. The operating system is designed in such a way that it can manage the overall resources and operations of the computer.

Operating System is a fully integrated set of specialized programs that handle all the operations of the computer. It controls and monitors the execution of all other programs that reside in the computer, which also includes application programs and other system software of the computer. Examples of Operating Systems are Windows, Linux, Mac OS, etc.

hemendramahajan@DESKTOP-LURQJU1:~/Q2$ head -n 10 data.txt
Operating System lies in the category of system software. It basically manages all the resources of the computer. An operating system acts as an interface between the software and different parts of the computer or the computer hardware. The operating system is designed in such a way that it can manage the overall resources and operations of the computer.

Operating System is a fully integrated set of specialized programs that handle all the operations of the computer. It controls and monitors the execution of all other programs that reside in the computer, which also includes application programs and other system software of the computer. Examples of Operating Systems are Windows, Linux, Mac OS, etc.

hemendramahajan@DESKTOP-LURQJU1:~/Q2$ rm data.txt
hemendramahajan@DESKTOP-LURQJU1:~/Q2$ touch data.txt
hemendramahajan@DESKTOP-LURQJU1:~/Q2$ cat > data.txt
A
AA
B
BB
C
CC
D
DD
E
EE
F
FF
G
GG
H
HH
I
II
J
JJ^C
hemendramahajan@DESKTOP-LURQJU1:~/Q2$ head -n 10 data.txt
A
AA
B
BB
C
CC
D
DD
E
EE
hemendramahajan@DESKTOP-LURQJU1:~/Q2$ tail -5 data.txt
H
HH
I
II
J
hemendramahajan@DESKTOP-LURQJU1:~/Q2$ cat > number.txt
1
2
3
4
5
6
7
8

10
11
12
13
14
15
16
17
18
19
20
^C
hemendramahajan@DESKTOP-LURQJU1:~/Q2$ head -15 numbers.txt
head: cannot open 'numbers.txt' for reading: No such file or directory
hemendramahajan@DESKTOP-LURQJU1:~/Q2$ head -15 number.txt
1
2
3
4
5
6
7
8

10
11
12
13
14
15
hemendramahajan@DESKTOP-LURQJU1:~/Q2$ tail -3 number.txt
18
19
20
hemendramahajan@DESKTOP-LURQJU1:~/Q2$ cat > input.txt
Hello World
^C
hemendramahajan@DESKTOP-LURQJU1:~/Q2$ cat input.txt | tr [:lower:] []
H]]]] W]]]]
hemendramahajan@DESKTOP-LURQJU1:~/Q2$ cat input.txt | tr [:lower:] [:upper:]
HELLO WORLD
hemendramahajan@DESKTOP-LURQJU1:~/Q2$  tr [:lower:] [:upper:] < input.txt > output.txt
hemendramahajan@DESKTOP-LURQJU1:~/Q2$ ls
data.txt  input.txt  number.txt  output.txt
hemendramahajan@DESKTOP-LURQJU1:~/Q2$ cat output.txt
HELLO WORLD
hemendramahajan@DESKTOP-LURQJU1:~/Q2$ cat > duplicate.txt
AA
AA
BB
BB
CC
CC
DD
DD
EE
EE
FF
FF
^C
hemendramahajan@DESKTOP-LURQJU1:~/Q2$ uniq duplicate.txt
AA
BB
CC
DD
EE
FF
hemendramahajan@DESKTOP-LURQJU1:~/Q2$ cat > fruit.txt
Apple
Banana
Kiwi
Orange
Pineapple
Mango
Watermelon^C
hemendramahajan@DESKTOP-LURQJU1:~/Q2$ uniq -u fruit.txt
Apple
Banana
Kiwi
Orange
Pineapple
Mango
hemendramahajan@DESKTOP-LURQJU1:~/Q2$ mv fruit.txt
mv: missing destination file operand after 'fruit.txt'
Try 'mv --help' for more information.
hemendramahajan@DESKTOP-LURQJU1:~/Q2$ rm fruit.txt
hemendramahajan@DESKTOP-LURQJU1:~/Q2$ cat > fruit.txt
Apple
Banana
Kiwi
Kiwi
Orange
Watermelon
Watermelon
Apple
Banana
hemendramahajan@DESKTOP-LURQJU1:~/Q2$ uniq -u fruit.txt
Apple
Banana
Orange
Apple
Banana
hemendramahajan@DESKTOP-LURQJU1:~/Q2$ sort fruit.txt | uniq -c
      1 Apple
      1 Apple
      2 Banana
      2 Kiwi
      1 Orange
      2 Watermelon
hemendramahajan@DESKTOP-LURQJU1:~/Q2$







